5
 energy: -6.863416836330 gnorm: 0.027959929193 xtb: 6.7.1 (edcfbbe)
S            0.20339887433186        2.24571966588315       -0.06724173811584
C           -1.47956982376521        2.43113425953195       -0.77422472091630
H           -1.47084675638465        3.05715095992724       -1.67330506946286
H           -1.90694217538470        1.46210855376308       -1.05433077245951
H           -2.16678311879730        2.89681256089458       -0.05937569904551
5
 energy: -6.865666486489 gnorm: 0.005830873687 xtb: 6.7.1 (edcfbbe)
S            0.14561064566924        2.25196266336374       -0.09151152015406
C           -1.50514108910201        2.43413307452585       -0.78490518266225
H           -1.43733676192067        3.06291268452805       -1.67321823184542
H           -1.87986495649095        1.44361305859198       -1.04465600900083
H           -2.14401083815560        2.90030451899038       -0.03418705633745
5
 energy: -6.865719796118 gnorm: 0.000953704955 xtb: 6.7.1 (edcfbbe)
S            0.14114586313394        2.25252073680617       -0.09337219223742
C           -1.50435509133673        2.43403111799522       -0.78458976049375
H           -1.43758354708498        3.06040719258970       -1.66971088862378
H           -1.87849270766158        1.44754514141836       -1.04366195892343
H           -2.14145751705064        2.89842181119055       -0.03714319972163
5
 energy: -6.865721058279 gnorm: 0.000455122047 xtb: 6.7.1 (edcfbbe)
S            0.14105027635601        2.25252516549814       -0.09340779893449
C           -1.50325339914001        2.43392931754644       -0.78413250918771
H           -1.43824639441694        3.05993540300829       -1.66922015335546
H           -1.87877690632873        1.44846339891550       -1.04368396151526
H           -2.14151657647032        2.89807271503163       -0.03803357700710
5
 energy: -6.865721275464 gnorm: 0.000027831182 xtb: 6.7.1 (edcfbbe)
S            0.14099680009515        2.25253742839065       -0.09343322821462
C           -1.50306818814800        2.43390341548668       -0.78405167770028
H           -1.43818854672678        3.06008831182237       -1.66942305734655
H           -1.87884190855678        1.44820651181538       -1.04374035541005
H           -2.14164115666359        2.89819033248492       -0.03782968132852
