  Threads set to 8 by Python driver.

  Memory set to   7.451 GiB by Python driver.
Some dependencies such as QCElemental have not yet finished migration to pydantic v2. If issues are encountered please downgrade pydantic or upgrade QCElemental as appropriate
	Energy has increased in a minimization.
	Energy ratio indicates iffy step.
	Intrafrag trust radius decreased to   0.25.
	Previous geometry is closer to target in internal coordinates, so using that one.

	Best geometry has RMS(Delta(q)) = 1.63e-04

	Previous geometry is closer to target in internal coordinates, so using that one.

	Best geometry has RMS(Delta(q)) = 2.64e-07

	Previous geometry is closer to target in internal coordinates, so using that one.

	Best geometry has RMS(Delta(q)) = 6.75e-07

	Previous geometry is closer to target in internal coordinates, so using that one.

	Best geometry has RMS(Delta(q)) = 2.33e-04

	Energy ratio indicates iffy step.
	Intrafrag trust radius decreased to  0.125.
	Previous geometry is closer to target in internal coordinates, so using that one.

	Best geometry has RMS(Delta(q)) = 2.30e-05

	Unable to completely converge to displaced geometry.
	RMS(dx):  7.181e-07 	Max(dx):  3.671e-06 	RMS(dq):  1.596e-05
	Previous geometry is closer to target in internal coordinates, so using that one.

	Best geometry has RMS(Delta(q)) = 1.60e-05

	Previous geometry is closer to target in internal coordinates, so using that one.

	Best geometry has RMS(Delta(q)) = 4.54e-06

	Energy has increased in a minimization.
	Energy ratio indicates iffy step.
	Intrafrag trust radius decreased to 0.0938.
	Energy has increased in a minimization.
	Energy ratio indicates iffy step.
	Intrafrag trust radius decreased to 0.0703.
	Previous geometry is closer to target in internal coordinates, so using that one.

	Best geometry has RMS(Delta(q)) = 4.90e-07

	Energy has increased in a minimization.
	Energy ratio indicates iffy step.
	Intrafrag trust radius decreased to  0.125.
	Previous geometry is closer to target in internal coordinates, so using that one.

	Best geometry has RMS(Delta(q)) = 3.78e-03

	Previous geometry is closer to target in internal coordinates, so using that one.

	Best geometry has RMS(Delta(q)) = 1.55e-05

	Previous geometry is closer to target in internal coordinates, so using that one.

	Best geometry has RMS(Delta(q)) = 1.70e-05

	Energy ratio indicates iffy step.
	Intrafrag trust radius decreased to 0.0938.
	Previous geometry is closer to target in internal coordinates, so using that one.

	Best geometry has RMS(Delta(q)) = 1.17e-05

	Previous geometry is closer to target in internal coordinates, so using that one.

	Best geometry has RMS(Delta(q)) = 5.84e-06

	Energy has increased in a minimization.
	Energy ratio indicates iffy step.
	Intrafrag trust radius decreased to 0.0703.
	Energy has increased in a minimization.
	Energy ratio indicates iffy step.
	Intrafrag trust radius decreased to 0.0527.
	Energy has increased in a minimization.
	Energy ratio indicates iffy step.
	Intrafrag trust radius decreased to 0.0396.
	Energy has increased in a minimization.
	Energy ratio indicates iffy step.
	Intrafrag trust radius decreased to 0.00989.
	Previous geometry is closer to target in internal coordinates, so using that one.

	Best geometry has RMS(Delta(q)) = 1.52e-08

	Energy ratio indicates iffy step.
	Intrafrag trust radius decreased to 0.00742.
	Previous geometry is closer to target in internal coordinates, so using that one.

	Best geometry has RMS(Delta(q)) = 2.18e-08

	Unable to completely converge to displaced geometry.
	RMS(dx):  3.157e-06 	Max(dx):  8.538e-06 	RMS(dq):  5.622e-06
	Previous geometry is closer to target in internal coordinates, so using that one.

	Best geometry has RMS(Delta(q)) = 5.37e-06

	Unable to completely converge to displaced geometry.
	RMS(dx):  2.111e-06 	Max(dx):  5.861e-06 	RMS(dq):  3.473e-06
	Previous geometry is closer to target in internal coordinates, so using that one.

	Best geometry has RMS(Delta(q)) = 3.33e-06

	Unable to completely converge to displaced geometry.
	RMS(dx):  1.356e-06 	Max(dx):  4.383e-06 	RMS(dq):  2.575e-06
	Previous geometry is closer to target in internal coordinates, so using that one.

	Best geometry has RMS(Delta(q)) = 2.43e-06

	Unable to completely converge to displaced geometry.
	RMS(dx):  2.370e-06 	Max(dx):  6.653e-06 	RMS(dq):  3.162e-06
	Previous geometry is closer to target in internal coordinates, so using that one.

	Best geometry has RMS(Delta(q)) = 2.73e-06

	Unable to completely converge to displaced geometry.
	RMS(dx):  1.016e-06 	Max(dx):  4.600e-06 	RMS(dq):  2.480e-06
	Previous geometry is closer to target in internal coordinates, so using that one.

	Best geometry has RMS(Delta(q)) = 2.30e-06

	Energy has increased in a minimization.
	Energy ratio indicates iffy step.
	Intrafrag trust radius decreased to   0.25.
	Previous geometry is closer to target in internal coordinates, so using that one.

	Best geometry has RMS(Delta(q)) = 2.59e-04

	Previous geometry is closer to target in internal coordinates, so using that one.

	Best geometry has RMS(Delta(q)) = 1.06e-05

	Energy ratio indicates iffy step.
	Intrafrag trust radius decreased to  0.188.
	Previous geometry is closer to target in internal coordinates, so using that one.

	Best geometry has RMS(Delta(q)) = 2.98e-06

	Energy has increased in a minimization.
	Energy ratio indicates iffy step.
	Intrafrag trust radius decreased to  0.141.
	Previous geometry is closer to target in internal coordinates, so using that one.

	Best geometry has RMS(Delta(q)) = 9.42e-06

	Energy has increased in a minimization.
	Energy ratio indicates iffy step.
	Intrafrag trust radius decreased to 0.0352.
	Energy has increased in a minimization.
	Energy ratio indicates iffy step.
	Intrafrag trust radius decreased to 0.00879.
	Previous geometry is closer to target in internal coordinates, so using that one.

	Best geometry has RMS(Delta(q)) = 3.33e-07

	Energy has increased in a minimization.
	Energy ratio indicates iffy step.
	Intrafrag trust radius decreased to 0.0022.
	Previous geometry is closer to target in internal coordinates, so using that one.

	Best geometry has RMS(Delta(q)) = 2.47e-08

	Previous geometry is closer to target in internal coordinates, so using that one.

	Best geometry has RMS(Delta(q)) = 6.66e-05

	Energy has increased in a minimization.
	Energy ratio indicates iffy step.
	Intrafrag trust radius decreased to   0.25.
	Previous geometry is closer to target in internal coordinates, so using that one.

	Best geometry has RMS(Delta(q)) = 8.24e-05

	Previous geometry is closer to target in internal coordinates, so using that one.

	Best geometry has RMS(Delta(q)) = 1.29e-04

	Energy has increased in a minimization.
	Energy ratio indicates iffy step.
	Intrafrag trust radius decreased to  0.188.
	Unable to completely converge to displaced geometry.
	RMS(dx):  7.429e-07 	Max(dx):  4.170e-06 	RMS(dq):  6.457e-05
	Previous geometry is closer to target in internal coordinates, so using that one.

	Best geometry has RMS(Delta(q)) = 6.46e-05

	Energy has increased in a minimization.
	Energy ratio indicates iffy step.
	Intrafrag trust radius decreased to  0.141.
	Previous geometry is closer to target in internal coordinates, so using that one.

	Best geometry has RMS(Delta(q)) = 7.96e-07

	Energy ratio indicates iffy step.
	Intrafrag trust radius decreased to 0.0352.
	Energy ratio indicates iffy step.
	Intrafrag trust radius decreased to 0.0791.
	Previous geometry is closer to target in internal coordinates, so using that one.

	Best geometry has RMS(Delta(q)) = 3.62e-07

	Previous geometry is closer to target in internal coordinates, so using that one.

	Best geometry has RMS(Delta(q)) = 4.64e-05

	Previous geometry is closer to target in internal coordinates, so using that one.

	Best geometry has RMS(Delta(q)) = 1.47e-05

	Previous geometry is closer to target in internal coordinates, so using that one.

	Best geometry has RMS(Delta(q)) = 1.04e-05

	Energy has increased in a minimization.
	Energy ratio indicates iffy step.
	Intrafrag trust radius decreased to   0.25.
	Previous geometry is closer to target in internal coordinates, so using that one.

	Best geometry has RMS(Delta(q)) = 6.18e-05

	Failed to converge alpha. Doing simple step-scaling instead.
	Energy has increased in a minimization.
	Energy ratio indicates iffy step.
	Intrafrag trust radius decreased to  0.188.
	Previous geometry is closer to target in internal coordinates, so using that one.

	Best geometry has RMS(Delta(q)) = 3.04e-05

	Previous geometry is closer to target in internal coordinates, so using that one.

	Best geometry has RMS(Delta(q)) = 3.76e-04

	Energy has increased in a minimization.
	Energy ratio indicates iffy step.
	Intrafrag trust radius decreased to   0.25.
	Energy ratio indicates iffy step.
	Intrafrag trust radius decreased to 0.0625.
AlgError: Exception created. Mesg: Back transformation failed. Cartesian Step size too large. Please restart from the most recent geometry
 Caught AlgError exception

 Erasing coordinates.

 Erasing history.

	Previous geometry is closer to target in internal coordinates, so using that one.

	Best geometry has RMS(Delta(q)) = 1.58e-03

	Previous geometry is closer to target in internal coordinates, so using that one.

	Best geometry has RMS(Delta(q)) = 1.53e-03

	Energy has increased in a minimization.
	Energy ratio indicates iffy step.
	Intrafrag trust radius decreased to   0.25.
	Previous geometry is closer to target in internal coordinates, so using that one.

	Best geometry has RMS(Delta(q)) = 1.41e-04

	Energy has increased in a minimization.
	Energy ratio indicates iffy step.
	Intrafrag trust radius decreased to  0.188.
	Energy ratio indicates iffy step.
	Intrafrag trust radius decreased to  0.141.
	Energy ratio indicates iffy step.
	Intrafrag trust radius decreased to 0.0352.
	Previous geometry is closer to target in internal coordinates, so using that one.

	Best geometry has RMS(Delta(q)) = 2.76e-05

	Energy has increased in a minimization.
	Energy ratio indicates iffy step.
	Intrafrag trust radius decreased to 0.0264.
	Energy has increased in a minimization.
	Energy ratio indicates iffy step.
	Intrafrag trust radius decreased to 0.00659.
	Energy ratio indicates iffy step.
	Intrafrag trust radius decreased to 0.00165.
	Previous geometry is closer to target in internal coordinates, so using that one.

	Best geometry has RMS(Delta(q)) = 5.28e-05

	Energy has increased in a minimization.
	Energy ratio indicates iffy step.
	Intrafrag trust radius decreased to  0.001.
	Energy has increased in a minimization.
	Energy ratio indicates iffy step.
	Intrafrag trust radius decreased to  0.125.
	Previous geometry is closer to target in internal coordinates, so using that one.

	Best geometry has RMS(Delta(q)) = 1.61e-05

	Previous geometry is closer to target in internal coordinates, so using that one.

	Best geometry has RMS(Delta(q)) = 6.90e-06

	Previous geometry is closer to target in internal coordinates, so using that one.

	Best geometry has RMS(Delta(q)) = 2.11e-05

	Previous geometry is closer to target in internal coordinates, so using that one.

	Best geometry has RMS(Delta(q)) = 1.27e-05

	Previous geometry is closer to target in internal coordinates, so using that one.

	Best geometry has RMS(Delta(q)) = 2.18e-06

	Energy has increased in a minimization.
	Energy ratio indicates iffy step.
	Intrafrag trust radius decreased to   0.25.
	Previous geometry is closer to target in internal coordinates, so using that one.

	Best geometry has RMS(Delta(q)) = 5.85e-05

	Energy has increased in a minimization.
	Energy ratio indicates iffy step.
	Intrafrag trust radius decreased to 0.0625.
	Previous geometry is closer to target in internal coordinates, so using that one.

	Best geometry has RMS(Delta(q)) = 5.03e-06

	Energy has increased in a minimization.
	Energy ratio indicates iffy step.
	Intrafrag trust radius decreased to 0.0469.
	Previous geometry is closer to target in internal coordinates, so using that one.

	Best geometry has RMS(Delta(q)) = 2.58e-06

	Energy has increased in a minimization.
	Energy ratio indicates iffy step.
	Intrafrag trust radius decreased to 0.0117.
AlgError: Exception created. Mesg: Back transformation failed. Cartesian Step size too large. Please restart from the most recent geometry
 Caught AlgError exception

 Erasing coordinates.

 Erasing history.

AlgError: Exception created. Mesg: Back transformation failed. Cartesian Step size too large. Please restart from the most recent geometry
 Caught AlgError exception

 Erasing coordinates.

 Erasing history.

AlgError: Exception created. Mesg: Back transformation failed. Cartesian Step size too large. Please restart from the most recent geometry
 Caught AlgError exception

 Erasing coordinates.

 Erasing history.

AlgError: Exception created. Mesg: Back transformation failed. Cartesian Step size too large. Please restart from the most recent geometry
 Caught AlgError exception

 Erasing coordinates.

 Erasing history.

AlgError: Exception created. Mesg: Back transformation failed. Cartesian Step size too large. Please restart from the most recent geometry
 Caught AlgError exception

 Erasing coordinates.

 Erasing history.

AlgError: Exception created. Mesg: Back transformation failed. Cartesian Step size too large. Please restart from the most recent geometry
 Caught AlgError exception

 Erasing coordinates.

 Erasing history.

AlgError: Exception created. Mesg: Back transformation failed. Cartesian Step size too large. Please restart from the most recent geometry
 Caught AlgError exception

 Erasing coordinates.

 Erasing history.

AlgError: Exception created. Mesg: Back transformation failed. Cartesian Step size too large. Please restart from the most recent geometry
 Caught AlgError exception

 Erasing coordinates.

 Erasing history.

AlgError: Exception created. Mesg: Back transformation failed. Cartesian Step size too large. Please restart from the most recent geometry
 Caught AlgError exception

 Erasing coordinates.

 Erasing history.

AlgError: Exception created. Mesg: Back transformation failed. Cartesian Step size too large. Please restart from the most recent geometry
 Caught AlgError exception

 Erasing coordinates.

 Erasing history.

AlgError: Exception created. Mesg: Back transformation failed. Cartesian Step size too large. Please restart from the most recent geometry
 Caught AlgError exception

 Erasing coordinates.

 Erasing history.

AlgError: Exception created. Mesg: Back transformation failed. Cartesian Step size too large. Please restart from the most recent geometry
 Caught AlgError exception

 Erasing coordinates.

 Erasing history.

AlgError: Exception created. Mesg: Back transformation failed. Cartesian Step size too large. Please restart from the most recent geometry
 Caught AlgError exception

 Erasing coordinates.

 Erasing history.

AlgError: Exception created. Mesg: Back transformation failed. Cartesian Step size too large. Please restart from the most recent geometry
 Caught AlgError exception

 Erasing coordinates.

 Erasing history.

AlgError: Exception created. Mesg: Back transformation failed. Cartesian Step size too large. Please restart from the most recent geometry
 Caught AlgError exception

 Erasing coordinates.

 Erasing history.

AlgError: Exception created. Mesg: Back transformation failed. Cartesian Step size too large. Please restart from the most recent geometry
 Caught AlgError exception

 Erasing coordinates.

 Erasing history.

AlgError: Exception created. Mesg: Back transformation failed. Cartesian Step size too large. Please restart from the most recent geometry
 Caught AlgError exception

 Erasing coordinates.

 Erasing history.

AlgError: Exception created. Mesg: Back transformation failed. Cartesian Step size too large. Please restart from the most recent geometry
 Caught AlgError exception

 Erasing coordinates.

 Erasing history.

AlgError: Exception created. Mesg: Back transformation failed. Cartesian Step size too large. Please restart from the most recent geometry
 Caught AlgError exception

 Erasing coordinates.

 Erasing history.

AlgError: Exception created. Mesg: Back transformation failed. Cartesian Step size too large. Please restart from the most recent geometry
 Caught AlgError exception

 Erasing coordinates.

 Erasing history.

AlgError: Exception created. Mesg: Back transformation failed. Cartesian Step size too large. Please restart from the most recent geometry
 Caught AlgError exception

 Erasing coordinates.

 Erasing history.

AlgError: Exception created. Mesg: Back transformation failed. Cartesian Step size too large. Please restart from the most recent geometry
 Caught AlgError exception

 Erasing coordinates.

 Erasing history.

AlgError: Exception created. Mesg: Back transformation failed. Cartesian Step size too large. Please restart from the most recent geometry
 Caught AlgError exception

 Erasing coordinates.

 Erasing history.

AlgError: Exception created. Mesg: Back transformation failed. Cartesian Step size too large. Please restart from the most recent geometry
 Caught AlgError exception

 Erasing coordinates.

 Erasing history.

AlgError: Exception created. Mesg: Back transformation failed. Cartesian Step size too large. Please restart from the most recent geometry
 Caught AlgError exception

 Erasing coordinates.

 Erasing history.

AlgError: Exception created. Mesg: Back transformation failed. Cartesian Step size too large. Please restart from the most recent geometry
 Caught AlgError exception

 Erasing coordinates.

 Erasing history.

AlgError: Exception created. Mesg: Back transformation failed. Cartesian Step size too large. Please restart from the most recent geometry
 Caught AlgError exception

 Erasing coordinates.

 Erasing history.

AlgError: Exception created. Mesg: Back transformation failed. Cartesian Step size too large. Please restart from the most recent geometry
 Caught AlgError exception

 Erasing coordinates.

 Erasing history.

AlgError: Exception created. Mesg: Back transformation failed. Cartesian Step size too large. Please restart from the most recent geometry
 Caught AlgError exception

 Erasing coordinates.

 Erasing history.

AlgError: Exception created. Mesg: Back transformation failed. Cartesian Step size too large. Please restart from the most recent geometry
 Caught AlgError exception

 Erasing coordinates.

 Erasing history.

AlgError: Exception created. Mesg: Back transformation failed. Cartesian Step size too large. Please restart from the most recent geometry
 Caught AlgError exception

 Erasing coordinates.

 Erasing history.

AlgError: Exception created. Mesg: Back transformation failed. Cartesian Step size too large. Please restart from the most recent geometry
 Caught AlgError exception

 Erasing coordinates.

 Erasing history.

AlgError: Exception created. Mesg: Back transformation failed. Cartesian Step size too large. Please restart from the most recent geometry
 Caught AlgError exception

 Erasing coordinates.

 Erasing history.

AlgError: Exception created. Mesg: Back transformation failed. Cartesian Step size too large. Please restart from the most recent geometry
 Caught AlgError exception

 Erasing coordinates.

 Erasing history.

AlgError: Exception created. Mesg: Back transformation failed. Cartesian Step size too large. Please restart from the most recent geometry
 Caught AlgError exception

 Erasing coordinates.

 Erasing history.

AlgError: Exception created. Mesg: Back transformation failed. Cartesian Step size too large. Please restart from the most recent geometry
 Caught AlgError exception

 Erasing coordinates.

 Erasing history.

AlgError: Exception created. Mesg: Back transformation failed. Cartesian Step size too large. Please restart from the most recent geometry
 Caught AlgError exception

 Erasing coordinates.

 Erasing history.

AlgError: Exception created. Mesg: Back transformation failed. Cartesian Step size too large. Please restart from the most recent geometry
 Caught AlgError exception

 Erasing coordinates.

 Erasing history.

AlgError: Exception created. Mesg: Back transformation failed. Cartesian Step size too large. Please restart from the most recent geometry
 Caught AlgError exception

 Erasing coordinates.

 Erasing history.

AlgError: Exception created. Mesg: Back transformation failed. Cartesian Step size too large. Please restart from the most recent geometry
 Caught AlgError exception

 Erasing coordinates.

 Erasing history.

AlgError: Exception created. Mesg: Back transformation failed. Cartesian Step size too large. Please restart from the most recent geometry
 Caught AlgError exception

 Erasing coordinates.

 Erasing history.

AlgError: Exception created. Mesg: Back transformation failed. Cartesian Step size too large. Please restart from the most recent geometry
 Caught AlgError exception

 Erasing coordinates.

 Erasing history.

AlgError: Exception created. Mesg: Back transformation failed. Cartesian Step size too large. Please restart from the most recent geometry
 Caught AlgError exception

 Erasing coordinates.

 Erasing history.

AlgError: Exception created. Mesg: Back transformation failed. Cartesian Step size too large. Please restart from the most recent geometry
 Caught AlgError exception

 Erasing coordinates.

 Erasing history.

AlgError: Exception created. Mesg: Back transformation failed. Cartesian Step size too large. Please restart from the most recent geometry
 Caught AlgError exception

 Erasing coordinates.

 Erasing history.

AlgError: Exception created. Mesg: Back transformation failed. Cartesian Step size too large. Please restart from the most recent geometry
 Caught AlgError exception

 Erasing coordinates.

 Erasing history.

AlgError: Exception created. Mesg: Back transformation failed. Cartesian Step size too large. Please restart from the most recent geometry
 Caught AlgError exception

 Erasing coordinates.

 Erasing history.

AlgError: Exception created. Mesg: Back transformation failed. Cartesian Step size too large. Please restart from the most recent geometry
 Caught AlgError exception

 Erasing coordinates.

 Erasing history.

AlgError: Exception created. Mesg: Back transformation failed. Cartesian Step size too large. Please restart from the most recent geometry
 Caught AlgError exception

 Erasing coordinates.

 Erasing history.

AlgError: Exception created. Mesg: Back transformation failed. Cartesian Step size too large. Please restart from the most recent geometry
 Caught AlgError exception

 Erasing coordinates.

 Erasing history.

AlgError: Exception created. Mesg: Back transformation failed. Cartesian Step size too large. Please restart from the most recent geometry
 Caught AlgError exception

 Erasing coordinates.

 Erasing history.

AlgError: Exception created. Mesg: Back transformation failed. Cartesian Step size too large. Please restart from the most recent geometry
 Caught AlgError exception

 Erasing coordinates.

 Erasing history.

AlgError: Exception created. Mesg: Back transformation failed. Cartesian Step size too large. Please restart from the most recent geometry
 Caught AlgError exception

 Erasing coordinates.

 Erasing history.

AlgError: Exception created. Mesg: Back transformation failed. Cartesian Step size too large. Please restart from the most recent geometry
 Caught AlgError exception

 Erasing coordinates.

 Erasing history.

AlgError: Exception created. Mesg: Back transformation failed. Cartesian Step size too large. Please restart from the most recent geometry
 Caught AlgError exception

 Erasing coordinates.

 Erasing history.

AlgError: Exception created. Mesg: Back transformation failed. Cartesian Step size too large. Please restart from the most recent geometry
 Caught AlgError exception

 Erasing coordinates.

 Erasing history.

AlgError: Exception created. Mesg: Back transformation failed. Cartesian Step size too large. Please restart from the most recent geometry
 Caught AlgError exception

 Erasing coordinates.

 Erasing history.

AlgError: Exception created. Mesg: Back transformation failed. Cartesian Step size too large. Please restart from the most recent geometry
 Caught AlgError exception

 Erasing coordinates.

 Erasing history.

AlgError: Exception created. Mesg: Back transformation failed. Cartesian Step size too large. Please restart from the most recent geometry
 Caught AlgError exception

 Erasing coordinates.

 Erasing history.

AlgError: Exception created. Mesg: Back transformation failed. Cartesian Step size too large. Please restart from the most recent geometry
 Caught AlgError exception

 Erasing coordinates.

 Erasing history.

AlgError: Exception created. Mesg: Back transformation failed. Cartesian Step size too large. Please restart from the most recent geometry
 Caught AlgError exception

 Erasing coordinates.

 Erasing history.

AlgError: Exception created. Mesg: Back transformation failed. Cartesian Step size too large. Please restart from the most recent geometry
 Caught AlgError exception

 Erasing coordinates.

 Erasing history.

AlgError: Exception created. Mesg: Back transformation failed. Cartesian Step size too large. Please restart from the most recent geometry
 Caught AlgError exception

 Erasing coordinates.

 Erasing history.

AlgError: Exception created. Mesg: Back transformation failed. Cartesian Step size too large. Please restart from the most recent geometry
 Caught AlgError exception

 Erasing coordinates.

 Erasing history.

AlgError: Exception created. Mesg: Back transformation failed. Cartesian Step size too large. Please restart from the most recent geometry
 Caught AlgError exception

 Erasing coordinates.

 Erasing history.

AlgError: Exception created. Mesg: Back transformation failed. Cartesian Step size too large. Please restart from the most recent geometry
 Caught AlgError exception

 Erasing coordinates.

 Erasing history.

AlgError: Exception created. Mesg: Back transformation failed. Cartesian Step size too large. Please restart from the most recent geometry
 Caught AlgError exception

 Erasing coordinates.

 Erasing history.

AlgError: Exception created. Mesg: Back transformation failed. Cartesian Step size too large. Please restart from the most recent geometry
 Caught AlgError exception

 Erasing coordinates.

 Erasing history.

AlgError: Exception created. Mesg: Back transformation failed. Cartesian Step size too large. Please restart from the most recent geometry
 Caught AlgError exception

 Erasing coordinates.

 Erasing history.

AlgError: Exception created. Mesg: Back transformation failed. Cartesian Step size too large. Please restart from the most recent geometry
 Caught AlgError exception

 Erasing coordinates.

 Erasing history.

AlgError: Exception created. Mesg: Back transformation failed. Cartesian Step size too large. Please restart from the most recent geometry
 Caught AlgError exception

 Erasing coordinates.

 Erasing history.

AlgError: Exception created. Mesg: Back transformation failed. Cartesian Step size too large. Please restart from the most recent geometry
 Caught AlgError exception

 Erasing coordinates.

 Erasing history.

AlgError: Exception created. Mesg: Back transformation failed. Cartesian Step size too large. Please restart from the most recent geometry
 Caught AlgError exception

 Erasing coordinates.

 Erasing history.

AlgError: Exception created. Mesg: Back transformation failed. Cartesian Step size too large. Please restart from the most recent geometry
 Caught AlgError exception

 Erasing coordinates.

 Erasing history.

AlgError: Exception created. Mesg: Back transformation failed. Cartesian Step size too large. Please restart from the most recent geometry
 Caught AlgError exception

 Erasing coordinates.

 Erasing history.

AlgError: Exception created. Mesg: Back transformation failed. Cartesian Step size too large. Please restart from the most recent geometry
 Caught AlgError exception

 Erasing coordinates.

 Erasing history.

AlgError: Exception created. Mesg: Back transformation failed. Cartesian Step size too large. Please restart from the most recent geometry
 Caught AlgError exception

 Erasing coordinates.

 Erasing history.

AlgError: Exception created. Mesg: Back transformation failed. Cartesian Step size too large. Please restart from the most recent geometry
 Caught AlgError exception

 Erasing coordinates.

 Erasing history.

AlgError: Exception created. Mesg: Back transformation failed. Cartesian Step size too large. Please restart from the most recent geometry
 Caught AlgError exception

 Erasing coordinates.

 Erasing history.

AlgError: Exception created. Mesg: Back transformation failed. Cartesian Step size too large. Please restart from the most recent geometry
 Caught AlgError exception

 Erasing coordinates.

 Erasing history.

AlgError: Exception created. Mesg: Back transformation failed. Cartesian Step size too large. Please restart from the most recent geometry
 Caught AlgError exception

 Erasing coordinates.

 Erasing history.

AlgError: Exception created. Mesg: Back transformation failed. Cartesian Step size too large. Please restart from the most recent geometry
 Caught AlgError exception

 Erasing coordinates.

 Erasing history.

AlgError: Exception created. Mesg: Back transformation failed. Cartesian Step size too large. Please restart from the most recent geometry
 Caught AlgError exception

 Erasing coordinates.

 Erasing history.

AlgError: Exception created. Mesg: Back transformation failed. Cartesian Step size too large. Please restart from the most recent geometry
 Caught AlgError exception

 Erasing coordinates.

 Erasing history.

AlgError: Exception created. Mesg: Back transformation failed. Cartesian Step size too large. Please restart from the most recent geometry
 Caught AlgError exception

 Erasing coordinates.

 Erasing history.

AlgError: Exception created. Mesg: Back transformation failed. Cartesian Step size too large. Please restart from the most recent geometry
 Caught AlgError exception

 Erasing coordinates.

 Erasing history.

AlgError: Exception created. Mesg: Back transformation failed. Cartesian Step size too large. Please restart from the most recent geometry
 Caught AlgError exception

 Erasing coordinates.

 Erasing history.

AlgError: Exception created. Mesg: Back transformation failed. Cartesian Step size too large. Please restart from the most recent geometry
 Caught AlgError exception

 Erasing coordinates.

 Erasing history.

AlgError: Exception created. Mesg: Back transformation failed. Cartesian Step size too large. Please restart from the most recent geometry
 Caught AlgError exception

 Erasing coordinates.

 Erasing history.

AlgError: Exception created. Mesg: Back transformation failed. Cartesian Step size too large. Please restart from the most recent geometry
 Caught AlgError exception

 Erasing coordinates.

 Erasing history.

AlgError: Exception created. Mesg: Back transformation failed. Cartesian Step size too large. Please restart from the most recent geometry
 Caught AlgError exception

 Erasing coordinates.

 Erasing history.

AlgError: Exception created. Mesg: Back transformation failed. Cartesian Step size too large. Please restart from the most recent geometry
 Caught AlgError exception

 Erasing coordinates.

 Erasing history.

AlgError: Exception created. Mesg: Back transformation failed. Cartesian Step size too large. Please restart from the most recent geometry
 Caught AlgError exception

 Erasing coordinates.

 Erasing history.

AlgError: Exception created. Mesg: Back transformation failed. Cartesian Step size too large. Please restart from the most recent geometry
 Caught AlgError exception

 Erasing coordinates.

 Erasing history.

AlgError: Exception created. Mesg: Back transformation failed. Cartesian Step size too large. Please restart from the most recent geometry
 Caught AlgError exception

 Erasing coordinates.

 Erasing history.

AlgError: Exception created. Mesg: Back transformation failed. Cartesian Step size too large. Please restart from the most recent geometry
 Caught AlgError exception

 Erasing coordinates.

 Erasing history.

AlgError: Exception created. Mesg: Back transformation failed. Cartesian Step size too large. Please restart from the most recent geometry
 Caught AlgError exception

 Erasing coordinates.

 Erasing history.

AlgError: Exception created. Mesg: Back transformation failed. Cartesian Step size too large. Please restart from the most recent geometry
 Caught AlgError exception

 Erasing coordinates.

 Erasing history.

AlgError: Exception created. Mesg: Back transformation failed. Cartesian Step size too large. Please restart from the most recent geometry
 Caught AlgError exception

 Erasing coordinates.

 Erasing history.

AlgError: Exception created. Mesg: Back transformation failed. Cartesian Step size too large. Please restart from the most recent geometry
 Caught AlgError exception

 Erasing coordinates.

 Erasing history.

AlgError: Exception created. Mesg: Back transformation failed. Cartesian Step size too large. Please restart from the most recent geometry
 Caught AlgError exception

 Erasing coordinates.

 Erasing history.

AlgError: Exception created. Mesg: Back transformation failed. Cartesian Step size too large. Please restart from the most recent geometry
 Caught AlgError exception

 Erasing coordinates.

 Erasing history.

AlgError: Exception created. Mesg: Back transformation failed. Cartesian Step size too large. Please restart from the most recent geometry
 Caught AlgError exception

 Erasing coordinates.

 Erasing history.

AlgError: Exception created. Mesg: Back transformation failed. Cartesian Step size too large. Please restart from the most recent geometry
 Caught AlgError exception

 Erasing coordinates.

 Erasing history.

AlgError: Exception created. Mesg: Back transformation failed. Cartesian Step size too large. Please restart from the most recent geometry
 Caught AlgError exception

 Erasing coordinates.

 Erasing history.

AlgError: Exception created. Mesg: Back transformation failed. Cartesian Step size too large. Please restart from the most recent geometry
 Caught AlgError exception

 Erasing coordinates.

 Erasing history.

AlgError: Exception created. Mesg: Back transformation failed. Cartesian Step size too large. Please restart from the most recent geometry
 Caught AlgError exception

 Erasing coordinates.

 Erasing history.

AlgError: Exception created. Mesg: Back transformation failed. Cartesian Step size too large. Please restart from the most recent geometry
 Caught AlgError exception

 Erasing coordinates.

 Erasing history.

AlgError: Exception created. Mesg: Back transformation failed. Cartesian Step size too large. Please restart from the most recent geometry
 Caught AlgError exception

 Erasing coordinates.

 Erasing history.

AlgError: Exception created. Mesg: Back transformation failed. Cartesian Step size too large. Please restart from the most recent geometry
 Caught AlgError exception

 Erasing coordinates.

 Erasing history.

AlgError: Exception created. Mesg: Back transformation failed. Cartesian Step size too large. Please restart from the most recent geometry
 Caught AlgError exception

 Erasing coordinates.

 Erasing history.

AlgError: Exception created. Mesg: Back transformation failed. Cartesian Step size too large. Please restart from the most recent geometry
 Caught AlgError exception

 Erasing coordinates.

 Erasing history.

AlgError: Exception created. Mesg: Back transformation failed. Cartesian Step size too large. Please restart from the most recent geometry
 Caught AlgError exception

 Erasing coordinates.

 Erasing history.

AlgError: Exception created. Mesg: Back transformation failed. Cartesian Step size too large. Please restart from the most recent geometry
 Caught AlgError exception

 Erasing coordinates.

 Erasing history.

AlgError: Exception created. Mesg: Back transformation failed. Cartesian Step size too large. Please restart from the most recent geometry
 Caught AlgError exception

 Erasing coordinates.

 Erasing history.

AlgError: Exception created. Mesg: Back transformation failed. Cartesian Step size too large. Please restart from the most recent geometry
 Caught AlgError exception

 Erasing coordinates.

 Erasing history.

AlgError: Exception created. Mesg: Back transformation failed. Cartesian Step size too large. Please restart from the most recent geometry
 Caught AlgError exception

 Erasing coordinates.

 Erasing history.

AlgError: Exception created. Mesg: Back transformation failed. Cartesian Step size too large. Please restart from the most recent geometry
 Caught AlgError exception

 Erasing coordinates.

 Erasing history.

AlgError: Exception created. Mesg: Back transformation failed. Cartesian Step size too large. Please restart from the most recent geometry
 Caught AlgError exception

 Erasing coordinates.

 Erasing history.

AlgError: Exception created. Mesg: Back transformation failed. Cartesian Step size too large. Please restart from the most recent geometry
 Caught AlgError exception

 Erasing coordinates.

 Erasing history.

AlgError: Exception created. Mesg: Back transformation failed. Cartesian Step size too large. Please restart from the most recent geometry
 Caught AlgError exception

 Erasing coordinates.

 Erasing history.

AlgError: Exception created. Mesg: Back transformation failed. Cartesian Step size too large. Please restart from the most recent geometry
 Caught AlgError exception

 Erasing coordinates.

 Erasing history.

AlgError: Exception created. Mesg: Back transformation failed. Cartesian Step size too large. Please restart from the most recent geometry
 Caught AlgError exception

 Erasing coordinates.

 Erasing history.

AlgError: Exception created. Mesg: Back transformation failed. Cartesian Step size too large. Please restart from the most recent geometry
 Caught AlgError exception

 Erasing coordinates.

 Erasing history.

AlgError: Exception created. Mesg: Back transformation failed. Cartesian Step size too large. Please restart from the most recent geometry
 Caught AlgError exception

 Erasing coordinates.

 Erasing history.

AlgError: Exception created. Mesg: Back transformation failed. Cartesian Step size too large. Please restart from the most recent geometry
 Caught AlgError exception

 Erasing coordinates.

 Erasing history.

AlgError: Exception created. Mesg: Back transformation failed. Cartesian Step size too large. Please restart from the most recent geometry
 Caught AlgError exception

 Erasing coordinates.

 Erasing history.

AlgError: Exception created. Mesg: Back transformation failed. Cartesian Step size too large. Please restart from the most recent geometry
 Caught AlgError exception

 Erasing coordinates.

 Erasing history.

AlgError: Exception created. Mesg: Back transformation failed. Cartesian Step size too large. Please restart from the most recent geometry
 Caught AlgError exception

 Erasing coordinates.

 Erasing history.

AlgError: Exception created. Mesg: Back transformation failed. Cartesian Step size too large. Please restart from the most recent geometry
 Caught AlgError exception

 Erasing coordinates.

 Erasing history.

AlgError: Exception created. Mesg: Back transformation failed. Cartesian Step size too large. Please restart from the most recent geometry
 Caught AlgError exception

 Erasing coordinates.

 Erasing history.

AlgError: Exception created. Mesg: Back transformation failed. Cartesian Step size too large. Please restart from the most recent geometry
 Caught AlgError exception

 Erasing coordinates.

 Erasing history.

AlgError: Exception created. Mesg: Back transformation failed. Cartesian Step size too large. Please restart from the most recent geometry
 Caught AlgError exception

 Erasing coordinates.

 Erasing history.

AlgError: Exception created. Mesg: Back transformation failed. Cartesian Step size too large. Please restart from the most recent geometry
 Caught AlgError exception

 Erasing coordinates.

 Erasing history.

AlgError: Exception created. Mesg: Back transformation failed. Cartesian Step size too large. Please restart from the most recent geometry
 Caught AlgError exception

 Erasing coordinates.

 Erasing history.

AlgError: Exception created. Mesg: Back transformation failed. Cartesian Step size too large. Please restart from the most recent geometry
 Caught AlgError exception

 Erasing coordinates.

 Erasing history.

AlgError: Exception created. Mesg: Back transformation failed. Cartesian Step size too large. Please restart from the most recent geometry
 Caught AlgError exception

 Erasing coordinates.

 Erasing history.

AlgError: Exception created. Mesg: Back transformation failed. Cartesian Step size too large. Please restart from the most recent geometry
 Caught AlgError exception

 Erasing coordinates.

 Erasing history.

AlgError: Exception created. Mesg: Back transformation failed. Cartesian Step size too large. Please restart from the most recent geometry
 Caught AlgError exception

 Erasing coordinates.

 Erasing history.

AlgError: Exception created. Mesg: Back transformation failed. Cartesian Step size too large. Please restart from the most recent geometry
 Caught AlgError exception

 Erasing coordinates.

 Erasing history.

AlgError: Exception created. Mesg: Back transformation failed. Cartesian Step size too large. Please restart from the most recent geometry
 Caught AlgError exception

 Erasing coordinates.

 Erasing history.

AlgError: Exception created. Mesg: Back transformation failed. Cartesian Step size too large. Please restart from the most recent geometry
 Caught AlgError exception

 Erasing coordinates.

 Erasing history.

AlgError: Exception created. Mesg: Back transformation failed. Cartesian Step size too large. Please restart from the most recent geometry
 Caught AlgError exception

 Erasing coordinates.

 Erasing history.

AlgError: Exception created. Mesg: Back transformation failed. Cartesian Step size too large. Please restart from the most recent geometry
 Caught AlgError exception

 Erasing coordinates.

 Erasing history.

AlgError: Exception created. Mesg: Back transformation failed. Cartesian Step size too large. Please restart from the most recent geometry
 Caught AlgError exception

 Erasing coordinates.

 Erasing history.

AlgError: Exception created. Mesg: Back transformation failed. Cartesian Step size too large. Please restart from the most recent geometry
 Caught AlgError exception

 Erasing coordinates.

 Erasing history.

AlgError: Exception created. Mesg: Back transformation failed. Cartesian Step size too large. Please restart from the most recent geometry
 Caught AlgError exception

 Erasing coordinates.

 Erasing history.

AlgError: Exception created. Mesg: Back transformation failed. Cartesian Step size too large. Please restart from the most recent geometry
 Caught AlgError exception

 Erasing coordinates.

 Erasing history.

AlgError: Exception created. Mesg: Back transformation failed. Cartesian Step size too large. Please restart from the most recent geometry
 Caught AlgError exception

 Erasing coordinates.

 Erasing history.

AlgError: Exception created. Mesg: Back transformation failed. Cartesian Step size too large. Please restart from the most recent geometry
 Caught AlgError exception

 Erasing coordinates.

 Erasing history.

AlgError: Exception created. Mesg: Back transformation failed. Cartesian Step size too large. Please restart from the most recent geometry
 Caught AlgError exception

 Erasing coordinates.

 Erasing history.

AlgError: Exception created. Mesg: Back transformation failed. Cartesian Step size too large. Please restart from the most recent geometry
 Caught AlgError exception

 Erasing coordinates.

 Erasing history.

AlgError: Exception created. Mesg: Back transformation failed. Cartesian Step size too large. Please restart from the most recent geometry
 Caught AlgError exception

 Erasing coordinates.

 Erasing history.

AlgError: Exception created. Mesg: Back transformation failed. Cartesian Step size too large. Please restart from the most recent geometry
 Caught AlgError exception

 Erasing coordinates.

 Erasing history.

AlgError: Exception created. Mesg: Back transformation failed. Cartesian Step size too large. Please restart from the most recent geometry
 Caught AlgError exception

 Erasing coordinates.

 Erasing history.

AlgError: Exception created. Mesg: Back transformation failed. Cartesian Step size too large. Please restart from the most recent geometry
 Caught AlgError exception

 Erasing coordinates.

 Erasing history.

AlgError: Exception created. Mesg: Back transformation failed. Cartesian Step size too large. Please restart from the most recent geometry
 Caught AlgError exception

 Erasing coordinates.

 Erasing history.

AlgError: Exception created. Mesg: Back transformation failed. Cartesian Step size too large. Please restart from the most recent geometry
 Caught AlgError exception

 Erasing coordinates.

 Erasing history.

AlgError: Exception created. Mesg: Back transformation failed. Cartesian Step size too large. Please restart from the most recent geometry
 Caught AlgError exception

 Erasing coordinates.

 Erasing history.

AlgError: Exception created. Mesg: Back transformation failed. Cartesian Step size too large. Please restart from the most recent geometry
 Caught AlgError exception

 Erasing coordinates.

 Erasing history.

AlgError: Exception created. Mesg: Back transformation failed. Cartesian Step size too large. Please restart from the most recent geometry
 Caught AlgError exception

 Erasing coordinates.

 Erasing history.

AlgError: Exception created. Mesg: Back transformation failed. Cartesian Step size too large. Please restart from the most recent geometry
 Caught AlgError exception

 Erasing coordinates.

 Erasing history.

AlgError: Exception created. Mesg: Back transformation failed. Cartesian Step size too large. Please restart from the most recent geometry
 Caught AlgError exception

 Erasing coordinates.

 Erasing history.

AlgError: Exception created. Mesg: Back transformation failed. Cartesian Step size too large. Please restart from the most recent geometry
 Caught AlgError exception

 Erasing coordinates.

 Erasing history.

AlgError: Exception created. Mesg: Back transformation failed. Cartesian Step size too large. Please restart from the most recent geometry
 Caught AlgError exception

 Erasing coordinates.

 Erasing history.

AlgError: Exception created. Mesg: Back transformation failed. Cartesian Step size too large. Please restart from the most recent geometry
 Caught AlgError exception

 Erasing coordinates.

 Erasing history.

AlgError: Exception created. Mesg: Back transformation failed. Cartesian Step size too large. Please restart from the most recent geometry
 Caught AlgError exception

 Erasing coordinates.

 Erasing history.

AlgError: Exception created. Mesg: Back transformation failed. Cartesian Step size too large. Please restart from the most recent geometry
 Caught AlgError exception

 Erasing coordinates.

 Erasing history.

AlgError: Exception created. Mesg: Back transformation failed. Cartesian Step size too large. Please restart from the most recent geometry
 Caught AlgError exception

 Erasing coordinates.

 Erasing history.

AlgError: Exception created. Mesg: Back transformation failed. Cartesian Step size too large. Please restart from the most recent geometry
 Caught AlgError exception

 Erasing coordinates.

 Erasing history.

AlgError: Exception created. Mesg: Back transformation failed. Cartesian Step size too large. Please restart from the most recent geometry
 Caught AlgError exception

 Erasing coordinates.

 Erasing history.

AlgError: Exception created. Mesg: Back transformation failed. Cartesian Step size too large. Please restart from the most recent geometry
 Caught AlgError exception

 Erasing coordinates.

 Erasing history.

AlgError: Exception created. Mesg: Back transformation failed. Cartesian Step size too large. Please restart from the most recent geometry
 Caught AlgError exception

 Erasing coordinates.

 Erasing history.

AlgError: Exception created. Mesg: Back transformation failed. Cartesian Step size too large. Please restart from the most recent geometry
 Caught AlgError exception

 Erasing coordinates.

 Erasing history.

AlgError: Exception created. Mesg: Back transformation failed. Cartesian Step size too large. Please restart from the most recent geometry
 Caught AlgError exception

 Erasing coordinates.

 Erasing history.

AlgError: Exception created. Mesg: Back transformation failed. Cartesian Step size too large. Please restart from the most recent geometry
 Caught AlgError exception

 Erasing coordinates.

 Erasing history.

AlgError: Exception created. Mesg: Back transformation failed. Cartesian Step size too large. Please restart from the most recent geometry
 Caught AlgError exception

 Erasing coordinates.

 Erasing history.

AlgError: Exception created. Mesg: Back transformation failed. Cartesian Step size too large. Please restart from the most recent geometry
 Caught AlgError exception

 Erasing coordinates.

 Erasing history.

AlgError: Exception created. Mesg: Back transformation failed. Cartesian Step size too large. Please restart from the most recent geometry
 Caught AlgError exception

 Erasing coordinates.

 Erasing history.

AlgError: Exception created. Mesg: Back transformation failed. Cartesian Step size too large. Please restart from the most recent geometry
 Caught AlgError exception

 Erasing coordinates.

 Erasing history.

AlgError: Exception created. Mesg: Back transformation failed. Cartesian Step size too large. Please restart from the most recent geometry
 Caught AlgError exception

 Erasing coordinates.

 Erasing history.

AlgError: Exception created. Mesg: Back transformation failed. Cartesian Step size too large. Please restart from the most recent geometry
 Caught AlgError exception

 Erasing coordinates.

 Erasing history.

AlgError: Exception created. Mesg: Back transformation failed. Cartesian Step size too large. Please restart from the most recent geometry
 Caught AlgError exception

 Erasing coordinates.

 Erasing history.

AlgError: Exception created. Mesg: Back transformation failed. Cartesian Step size too large. Please restart from the most recent geometry
 Caught AlgError exception

 Erasing coordinates.

 Erasing history.

AlgError: Exception created. Mesg: Back transformation failed. Cartesian Step size too large. Please restart from the most recent geometry
 Caught AlgError exception

 Erasing coordinates.

 Erasing history.

AlgError: Exception created. Mesg: Back transformation failed. Cartesian Step size too large. Please restart from the most recent geometry
 Caught AlgError exception

 Erasing coordinates.

 Erasing history.

AlgError: Exception created. Mesg: Back transformation failed. Cartesian Step size too large. Please restart from the most recent geometry
 Caught AlgError exception

 Erasing coordinates.

 Erasing history.

AlgError: Exception created. Mesg: Back transformation failed. Cartesian Step size too large. Please restart from the most recent geometry
 Caught AlgError exception

 Erasing coordinates.

 Erasing history.

AlgError: Exception created. Mesg: Back transformation failed. Cartesian Step size too large. Please restart from the most recent geometry
 Caught AlgError exception

 Erasing coordinates.

 Erasing history.

AlgError: Exception created. Mesg: Back transformation failed. Cartesian Step size too large. Please restart from the most recent geometry
 Caught AlgError exception

 Erasing coordinates.

 Erasing history.

AlgError: Exception created. Mesg: Back transformation failed. Cartesian Step size too large. Please restart from the most recent geometry
 Caught AlgError exception

 Erasing coordinates.

 Erasing history.

AlgError: Exception created. Mesg: Back transformation failed. Cartesian Step size too large. Please restart from the most recent geometry
 Caught AlgError exception

 Erasing coordinates.

 Erasing history.

AlgError: Exception created. Mesg: Back transformation failed. Cartesian Step size too large. Please restart from the most recent geometry
 Caught AlgError exception

 Erasing coordinates.

 Erasing history.

AlgError: Exception created. Mesg: Back transformation failed. Cartesian Step size too large. Please restart from the most recent geometry
 Caught AlgError exception

 Erasing coordinates.

 Erasing history.

AlgError: Exception created. Mesg: Back transformation failed. Cartesian Step size too large. Please restart from the most recent geometry
 Caught AlgError exception

 Erasing coordinates.

 Erasing history.

AlgError: Exception created. Mesg: Back transformation failed. Cartesian Step size too large. Please restart from the most recent geometry
 Caught AlgError exception

 Erasing coordinates.

 Erasing history.

AlgError: Exception created. Mesg: Back transformation failed. Cartesian Step size too large. Please restart from the most recent geometry
 Caught AlgError exception

 Erasing coordinates.

 Erasing history.

AlgError: Exception created. Mesg: Back transformation failed. Cartesian Step size too large. Please restart from the most recent geometry
 Caught AlgError exception

 Erasing coordinates.

 Erasing history.

AlgError: Exception created. Mesg: Back transformation failed. Cartesian Step size too large. Please restart from the most recent geometry
 Caught AlgError exception

 Erasing coordinates.

 Erasing history.

AlgError: Exception created. Mesg: Back transformation failed. Cartesian Step size too large. Please restart from the most recent geometry
 Caught AlgError exception

 Erasing coordinates.

 Erasing history.

AlgError: Exception created. Mesg: Back transformation failed. Cartesian Step size too large. Please restart from the most recent geometry
 Caught AlgError exception

 Erasing coordinates.

 Erasing history.

AlgError: Exception created. Mesg: Back transformation failed. Cartesian Step size too large. Please restart from the most recent geometry
 Caught AlgError exception

 Erasing coordinates.

 Erasing history.

AlgError: Exception created. Mesg: Back transformation failed. Cartesian Step size too large. Please restart from the most recent geometry
 Caught AlgError exception

 Erasing coordinates.

 Erasing history.

AlgError: Exception created. Mesg: Back transformation failed. Cartesian Step size too large. Please restart from the most recent geometry
 Caught AlgError exception

 Erasing coordinates.

 Erasing history.

AlgError: Exception created. Mesg: Back transformation failed. Cartesian Step size too large. Please restart from the most recent geometry
 Caught AlgError exception

 Erasing coordinates.

 Erasing history.

AlgError: Exception created. Mesg: Back transformation failed. Cartesian Step size too large. Please restart from the most recent geometry
 Caught AlgError exception

 Erasing coordinates.

 Erasing history.

AlgError: Exception created. Mesg: Back transformation failed. Cartesian Step size too large. Please restart from the most recent geometry
 Caught AlgError exception

 Erasing coordinates.

 Erasing history.

AlgError: Exception created. Mesg: Back transformation failed. Cartesian Step size too large. Please restart from the most recent geometry
 Caught AlgError exception

 Erasing coordinates.

 Erasing history.

AlgError: Exception created. Mesg: Back transformation failed. Cartesian Step size too large. Please restart from the most recent geometry
 Caught AlgError exception

 Erasing coordinates.

 Erasing history.

AlgError: Exception created. Mesg: Back transformation failed. Cartesian Step size too large. Please restart from the most recent geometry
 Caught AlgError exception

 Erasing coordinates.

 Erasing history.

AlgError: Exception created. Mesg: Back transformation failed. Cartesian Step size too large. Please restart from the most recent geometry
 Caught AlgError exception

 Erasing coordinates.

 Erasing history.

AlgError: Exception created. Mesg: Back transformation failed. Cartesian Step size too large. Please restart from the most recent geometry
 Caught AlgError exception

 Erasing coordinates.

 Erasing history.

AlgError: Exception created. Mesg: Back transformation failed. Cartesian Step size too large. Please restart from the most recent geometry
 Caught AlgError exception

 Erasing coordinates.

 Erasing history.

AlgError: Exception created. Mesg: Back transformation failed. Cartesian Step size too large. Please restart from the most recent geometry
 Caught AlgError exception

 Erasing coordinates.

 Erasing history.

AlgError: Exception created. Mesg: Back transformation failed. Cartesian Step size too large. Please restart from the most recent geometry
 Caught AlgError exception

 Erasing coordinates.

 Erasing history.

AlgError: Exception created. Mesg: Back transformation failed. Cartesian Step size too large. Please restart from the most recent geometry
 Caught AlgError exception

 Erasing coordinates.

 Erasing history.

AlgError: Exception created. Mesg: Back transformation failed. Cartesian Step size too large. Please restart from the most recent geometry
 Caught AlgError exception

 Erasing coordinates.

 Erasing history.

AlgError: Exception created. Mesg: Back transformation failed. Cartesian Step size too large. Please restart from the most recent geometry
 Caught AlgError exception

 Erasing coordinates.

 Erasing history.

AlgError: Exception created. Mesg: Back transformation failed. Cartesian Step size too large. Please restart from the most recent geometry
 Caught AlgError exception

 Erasing coordinates.

 Erasing history.

AlgError: Exception created. Mesg: Back transformation failed. Cartesian Step size too large. Please restart from the most recent geometry
 Caught AlgError exception

 Erasing coordinates.

 Erasing history.

AlgError: Exception created. Mesg: Back transformation failed. Cartesian Step size too large. Please restart from the most recent geometry
 Caught AlgError exception

 Erasing coordinates.

 Erasing history.

AlgError: Exception created. Mesg: Back transformation failed. Cartesian Step size too large. Please restart from the most recent geometry
 Caught AlgError exception

 Erasing coordinates.

 Erasing history.

AlgError: Exception created. Mesg: Back transformation failed. Cartesian Step size too large. Please restart from the most recent geometry
 Caught AlgError exception

 Erasing coordinates.

 Erasing history.

AlgError: Exception created. Mesg: Back transformation failed. Cartesian Step size too large. Please restart from the most recent geometry
 Caught AlgError exception

 Erasing coordinates.

 Erasing history.

AlgError: Exception created. Mesg: Back transformation failed. Cartesian Step size too large. Please restart from the most recent geometry
 Caught AlgError exception

 Erasing coordinates.

 Erasing history.

AlgError: Exception created. Mesg: Back transformation failed. Cartesian Step size too large. Please restart from the most recent geometry
 Caught AlgError exception

 Erasing coordinates.

 Erasing history.

AlgError: Exception created. Mesg: Back transformation failed. Cartesian Step size too large. Please restart from the most recent geometry
 Caught AlgError exception

 Erasing coordinates.

 Erasing history.

AlgError: Exception created. Mesg: Back transformation failed. Cartesian Step size too large. Please restart from the most recent geometry
 Caught AlgError exception

 Erasing coordinates.

 Erasing history.

AlgError: Exception created. Mesg: Back transformation failed. Cartesian Step size too large. Please restart from the most recent geometry
 Caught AlgError exception

 Erasing coordinates.

 Erasing history.

AlgError: Exception created. Mesg: Back transformation failed. Cartesian Step size too large. Please restart from the most recent geometry
 Caught AlgError exception

 Erasing coordinates.

 Erasing history.

AlgError: Exception created. Mesg: Back transformation failed. Cartesian Step size too large. Please restart from the most recent geometry
 Caught AlgError exception

 Erasing coordinates.

 Erasing history.

AlgError: Exception created. Mesg: Back transformation failed. Cartesian Step size too large. Please restart from the most recent geometry
 Caught AlgError exception

 Erasing coordinates.

 Erasing history.

AlgError: Exception created. Mesg: Back transformation failed. Cartesian Step size too large. Please restart from the most recent geometry
 Caught AlgError exception

 Erasing coordinates.

 Erasing history.

AlgError: Exception created. Mesg: Back transformation failed. Cartesian Step size too large. Please restart from the most recent geometry
 Caught AlgError exception

 Erasing coordinates.

 Erasing history.

AlgError: Exception created. Mesg: Back transformation failed. Cartesian Step size too large. Please restart from the most recent geometry
 Caught AlgError exception

 Erasing coordinates.

 Erasing history.

AlgError: Exception created. Mesg: Back transformation failed. Cartesian Step size too large. Please restart from the most recent geometry
 Caught AlgError exception

 Erasing coordinates.

 Erasing history.

AlgError: Exception created. Mesg: Back transformation failed. Cartesian Step size too large. Please restart from the most recent geometry
 Caught AlgError exception

 Erasing coordinates.

 Erasing history.

AlgError: Exception created. Mesg: Back transformation failed. Cartesian Step size too large. Please restart from the most recent geometry
 Caught AlgError exception

 Erasing coordinates.

 Erasing history.

AlgError: Exception created. Mesg: Back transformation failed. Cartesian Step size too large. Please restart from the most recent geometry
 Caught AlgError exception

 Erasing coordinates.

 Erasing history.

AlgError: Exception created. Mesg: Back transformation failed. Cartesian Step size too large. Please restart from the most recent geometry
 Caught AlgError exception

 Erasing coordinates.

 Erasing history.

AlgError: Exception created. Mesg: Back transformation failed. Cartesian Step size too large. Please restart from the most recent geometry
 Caught AlgError exception

 Erasing coordinates.

 Erasing history.

AlgError: Exception created. Mesg: Back transformation failed. Cartesian Step size too large. Please restart from the most recent geometry
 Caught AlgError exception

 Erasing coordinates.

 Erasing history.

AlgError: Exception created. Mesg: Back transformation failed. Cartesian Step size too large. Please restart from the most recent geometry
 Caught AlgError exception

 Erasing coordinates.

 Erasing history.

AlgError: Exception created. Mesg: Back transformation failed. Cartesian Step size too large. Please restart from the most recent geometry
 Caught AlgError exception

 Erasing coordinates.

 Erasing history.

AlgError: Exception created. Mesg: Back transformation failed. Cartesian Step size too large. Please restart from the most recent geometry
 Caught AlgError exception

 Erasing coordinates.

 Erasing history.

AlgError: Exception created. Mesg: Back transformation failed. Cartesian Step size too large. Please restart from the most recent geometry
 Caught AlgError exception

 Erasing coordinates.

 Erasing history.

AlgError: Exception created. Mesg: Back transformation failed. Cartesian Step size too large. Please restart from the most recent geometry
 Caught AlgError exception

 Erasing coordinates.

 Erasing history.

AlgError: Exception created. Mesg: Back transformation failed. Cartesian Step size too large. Please restart from the most recent geometry
 Caught AlgError exception

 Erasing coordinates.

 Erasing history.

AlgError: Exception created. Mesg: Back transformation failed. Cartesian Step size too large. Please restart from the most recent geometry
 Caught AlgError exception

 Erasing coordinates.

 Erasing history.

AlgError: Exception created. Mesg: Back transformation failed. Cartesian Step size too large. Please restart from the most recent geometry
 Caught AlgError exception

 Erasing coordinates.

 Erasing history.

AlgError: Exception created. Mesg: Back transformation failed. Cartesian Step size too large. Please restart from the most recent geometry
 Caught AlgError exception

 Erasing coordinates.

 Erasing history.

AlgError: Exception created. Mesg: Back transformation failed. Cartesian Step size too large. Please restart from the most recent geometry
 Caught AlgError exception

 Erasing coordinates.

 Erasing history.

AlgError: Exception created. Mesg: Back transformation failed. Cartesian Step size too large. Please restart from the most recent geometry
 Caught AlgError exception

 Erasing coordinates.

 Erasing history.

AlgError: Exception created. Mesg: Back transformation failed. Cartesian Step size too large. Please restart from the most recent geometry
 Caught AlgError exception

 Erasing coordinates.

 Erasing history.

AlgError: Exception created. Mesg: Back transformation failed. Cartesian Step size too large. Please restart from the most recent geometry
 Caught AlgError exception

 Erasing coordinates.

 Erasing history.

AlgError: Exception created. Mesg: Back transformation failed. Cartesian Step size too large. Please restart from the most recent geometry
 Caught AlgError exception

 Erasing coordinates.

 Erasing history.

AlgError: Exception created. Mesg: Back transformation failed. Cartesian Step size too large. Please restart from the most recent geometry
 Caught AlgError exception

 Erasing coordinates.

 Erasing history.

AlgError: Exception created. Mesg: Back transformation failed. Cartesian Step size too large. Please restart from the most recent geometry
 Caught AlgError exception

 Erasing coordinates.

 Erasing history.

AlgError: Exception created. Mesg: Back transformation failed. Cartesian Step size too large. Please restart from the most recent geometry
 Caught AlgError exception

 Erasing coordinates.

 Erasing history.

AlgError: Exception created. Mesg: Back transformation failed. Cartesian Step size too large. Please restart from the most recent geometry
 Caught AlgError exception

 Erasing coordinates.

 Erasing history.

AlgError: Exception created. Mesg: Back transformation failed. Cartesian Step size too large. Please restart from the most recent geometry
 Caught AlgError exception

 Erasing coordinates.

 Erasing history.

AlgError: Exception created. Mesg: Back transformation failed. Cartesian Step size too large. Please restart from the most recent geometry
 Caught AlgError exception

 Erasing coordinates.

 Erasing history.

AlgError: Exception created. Mesg: Back transformation failed. Cartesian Step size too large. Please restart from the most recent geometry
 Caught AlgError exception

 Erasing coordinates.

 Erasing history.

AlgError: Exception created. Mesg: Back transformation failed. Cartesian Step size too large. Please restart from the most recent geometry
 Caught AlgError exception

 Erasing coordinates.

 Erasing history.

AlgError: Exception created. Mesg: Back transformation failed. Cartesian Step size too large. Please restart from the most recent geometry
 Caught AlgError exception

 Erasing coordinates.

 Erasing history.

AlgError: Exception created. Mesg: Back transformation failed. Cartesian Step size too large. Please restart from the most recent geometry
 Caught AlgError exception

 Erasing coordinates.

 Erasing history.

AlgError: Exception created. Mesg: Back transformation failed. Cartesian Step size too large. Please restart from the most recent geometry
 Caught AlgError exception

 Erasing coordinates.

 Erasing history.

AlgError: Exception created. Mesg: Back transformation failed. Cartesian Step size too large. Please restart from the most recent geometry
 Caught AlgError exception

 Erasing coordinates.

 Erasing history.

AlgError: Exception created. Mesg: Back transformation failed. Cartesian Step size too large. Please restart from the most recent geometry
 Caught AlgError exception

 Erasing coordinates.

 Erasing history.

AlgError: Exception created. Mesg: Back transformation failed. Cartesian Step size too large. Please restart from the most recent geometry
 Caught AlgError exception

 Erasing coordinates.

 Erasing history.

AlgError: Exception created. Mesg: Back transformation failed. Cartesian Step size too large. Please restart from the most recent geometry
 Caught AlgError exception

 Erasing coordinates.

 Erasing history.

AlgError: Exception created. Mesg: Back transformation failed. Cartesian Step size too large. Please restart from the most recent geometry
 Caught AlgError exception

 Erasing coordinates.

 Erasing history.

AlgError: Exception created. Mesg: Back transformation failed. Cartesian Step size too large. Please restart from the most recent geometry
 Caught AlgError exception

 Erasing coordinates.

 Erasing history.

AlgError: Exception created. Mesg: Back transformation failed. Cartesian Step size too large. Please restart from the most recent geometry
 Caught AlgError exception

 Erasing coordinates.

 Erasing history.

AlgError: Exception created. Mesg: Back transformation failed. Cartesian Step size too large. Please restart from the most recent geometry
 Caught AlgError exception

 Erasing coordinates.

 Erasing history.

AlgError: Exception created. Mesg: Back transformation failed. Cartesian Step size too large. Please restart from the most recent geometry
 Caught AlgError exception

 Erasing coordinates.

 Erasing history.

AlgError: Exception created. Mesg: Back transformation failed. Cartesian Step size too large. Please restart from the most recent geometry
 Caught AlgError exception

 Erasing coordinates.

 Erasing history.

AlgError: Exception created. Mesg: Back transformation failed. Cartesian Step size too large. Please restart from the most recent geometry
 Caught AlgError exception

 Erasing coordinates.

 Erasing history.

AlgError: Exception created. Mesg: Back transformation failed. Cartesian Step size too large. Please restart from the most recent geometry
 Caught AlgError exception

 Erasing coordinates.

 Erasing history.

AlgError: Exception created. Mesg: Back transformation failed. Cartesian Step size too large. Please restart from the most recent geometry
 Caught AlgError exception

 Erasing coordinates.

 Erasing history.

AlgError: Exception created. Mesg: Back transformation failed. Cartesian Step size too large. Please restart from the most recent geometry
 Caught AlgError exception

 Erasing coordinates.

 Erasing history.

AlgError: Exception created. Mesg: Back transformation failed. Cartesian Step size too large. Please restart from the most recent geometry
 Caught AlgError exception

 Erasing coordinates.

 Erasing history.

AlgError: Exception created. Mesg: Back transformation failed. Cartesian Step size too large. Please restart from the most recent geometry
 Caught AlgError exception

 Erasing coordinates.

 Erasing history.

AlgError: Exception created. Mesg: Back transformation failed. Cartesian Step size too large. Please restart from the most recent geometry
 Caught AlgError exception

 Erasing coordinates.

 Erasing history.

AlgError: Exception created. Mesg: Back transformation failed. Cartesian Step size too large. Please restart from the most recent geometry
 Caught AlgError exception

 Erasing coordinates.

 Erasing history.

AlgError: Exception created. Mesg: Back transformation failed. Cartesian Step size too large. Please restart from the most recent geometry
 Caught AlgError exception

 Erasing coordinates.

 Erasing history.

AlgError: Exception created. Mesg: Back transformation failed. Cartesian Step size too large. Please restart from the most recent geometry
 Caught AlgError exception

 Erasing coordinates.

 Erasing history.

AlgError: Exception created. Mesg: Back transformation failed. Cartesian Step size too large. Please restart from the most recent geometry
 Caught AlgError exception

 Erasing coordinates.

 Erasing history.

Optimizer: Optimization complete!
Optimizer: Optimization complete!
Optimizer: Optimization complete!
Optimizer: Optimization complete!
Optimizer: Optimization complete!
Optimizer: Optimization complete!
Optimizer: Optimization complete!
Traceback (most recent call last):
  File "/home2/shbae/bucket/covalent/data/run_Danilack2024S2.py", line 78, in <module>
    
  File "/home2/shbae/bucket/covalent/src/covalent/geometry.py", line 197, in optimize
    psi4.optimize(theory_level, molecule=self.psi4_mol)
  File "/home2/shbae/bucket/covalent/.pixi/envs/default/lib/python3.12/site-packages/psi4/driver/driver.py", line 1364, in optimize
    raise OptimizationConvergenceError("""geometry optimization""", n - 1, wfn)
psi4.driver.p4util.exceptions.OptimizationConvergenceError: Could not converge geometry optimization in 300 iterations.
